// Jest Snapshot v1, https://goo.gl/fbAQLP

exports[`<AddForm/> renders and displays properly 1`] = `
<styled.form
  onSubmit={[Function]}
>
  child1
  child2
  child3
</styled.form>
`;
