// Jest Snapshot v1, https://goo.gl/fbAQLP

exports[`<Home/> renders and displays properly 1`] = `
<div>
  <Loading
    speed={300}
    text="LOADING"
  />
</div>
`;

exports[`<Home/> renders and displays properly 2`] = `
<div>
  <PhotoGrid
    notes={Array []}
    photos={Array []}
  />
</div>
`;
