// Jest Snapshot v1, https://goo.gl/fbAQLP

exports[`<LogIn/> renders and displays properly 1`] = `
<div
  className="loginbox"
>
  <p>
     Log in or Sign in with
  </p>
  <a
    href="/auth/google"
  >
    <button>
      Google
    </button>
  </a>
</div>
`;
